node.exe : file:///C:/Users/1/DEV/FREESPORT/frontend/node_modules/vitest/dist/chunks/ca
c.BNNpZQl7.js:404
At line:1 char:1
+ & "C:\Program Files\nodejs/node.exe" "C:\Program Files\nodejs/node_mo ...
+ ~~~~~~~~~~~~~~~~~~~~~~~~~~~~~~~~~~~~~~~~~~~~~~~~~~~~~~~~~~~~~~~~~~~~~
    + CategoryInfo          : NotSpecified: (file:///C:/User...BNNpZQl7.js:404:String) 
    [], RemoteException
    + FullyQualifiedErrorId : NativeCommandError
 
          throw new CACError(`Unknown option \`${name.length > 1 ? `--${name}` : `-${na
me}`}\``);
                ^

CACError: Unknown option `--listFailures`
    at Command.checkUnknownOptions (file:///C:/Users/1/DEV/FREESPORT/frontend/node_modu
les/vitest/dist/chunks/cac.BNNpZQl7.js:404:17)
    at CAC.runMatchedCommand (file:///C:/Users/1/DEV/FREESPORT/frontend/node_modules/vi
test/dist/chunks/cac.BNNpZQl7.js:604:13)
    at CAC.parse (file:///C:/Users/1/DEV/FREESPORT/frontend/node_modules/vitest/dist/ch
unks/cac.BNNpZQl7.js:545:12)
    at file:///C:/Users/1/DEV/FREESPORT/frontend/node_modules/vitest/dist/cli.js:28:13
    at ModuleJob.run (node:internal/modules/esm/module_job:413:25)
    at async onImport.tracePromise.__proto__ (node:internal/modules/esm/loader:660:26)
    at async asyncRunEntryPointWithESMLoader (node:internal/modules/run_main:101:5)

Node.js v24.13.0
