
[1m[46m RUN [49m[22m [36mv4.0.15 [39m[90mC:/Users/1/DEV/FREESPORT/frontend[39m

node.exe : [90mstderr[2m | src/app/(blue)/catalog/__tests__/CatalogPage.test.tsx[2m > [22m[2mCatalogPage - Search Integration (Story 18.4)[2m > [22m[2mAC 
1: đ┤đżđ╗đÂđÁđŻ đżĐéđżđ▒ĐÇđ░đÂđ░ĐéĐî SearchField đŻđ░ ĐüĐéĐÇđ░đŻđŞĐćđÁ đ║đ░Đéđ░đ╗đżđ│đ░
At line:1 char:1
+ & "C:\Program Files\nodejs/node.exe" "C:\Program Files\nodejs/node_mo ...
+ ~~~~~~~~~~~~~~~~~~~~~~~~~~~~~~~~~~~~~~~~~~~~~~~~~~~~~~~~~~~~~~~~~~~~~
    + CategoryInfo          : NotSpecified: ([90mstderr[2m...║đ░Đéđ░đ╗đżđ│đ░:String) [], RemoteException
    + FullyQualifiedErrorId : NativeCommandError
 
[22m[39mThe tag <search> is unrecognized in this browser. If you meant to render a React component, start its name with an uppercase letter.
Received `true` for a non-boolean attribute `jsx`.

If you want to write it to the DOM, pass a string instead: jsx="true" or jsx={value.toString()}.

 [31mÔŁ»[39m src/app/(blue)/catalog/__tests__/CatalogPage.test.tsx [2m([22m[2m10 tests[22m[2m | [22m[31m2 failed[39m[2m)[22m[33m 12423[2mms[22m[39m
     [32mÔťô[39m AC 1: đ┤đżđ╗đÂđÁđŻ đżĐéđżđ▒ĐÇđ░đÂđ░ĐéĐî SearchField đŻđ░ ĐüĐéĐÇđ░đŻđŞĐćđÁ đ║đ░Đéđ░đ╗đżđ│đ░[32m 86[2mms[22m[39m
     [33m[2mÔťô[22m[39m AC 3: đ┤đżđ╗đÂđÁđŻ đżđ▒đŻđżđ▓đ╗ĐĆĐéĐî URL Đü đ┐đ░ĐÇđ░đ╝đÁĐéĐÇđżđ╝ search đ┐ĐÇđŞ đ▓đ▓đżđ┤đÁ đĚđ░đ┐ĐÇđżĐüđ░ [33m 448[2mms[22m[39m
     [33m[2mÔťô[22m[39m AC 2, AC 4: đ┤đżđ╗đÂđÁđŻ đ┐đÁĐÇđÁđ┤đ░đ▓đ░ĐéĐî đ┐đ░ĐÇđ░đ╝đÁĐéĐÇ search đ▓ API đ▓đ╝đÁĐüĐéđÁ Đü ĐüĐâĐëđÁĐüĐéđ▓ĐâĐÄĐëđŞđ╝đŞ ĐäđŞđ╗ĐîĐéĐÇđ░đ╝đŞ [33m 485[2mms[22m[39m
     [32mÔťô[39m AC 3: đ┤đżđ╗đÂđÁđŻ Đâđ┤đ░đ╗ĐĆĐéĐî đ┐đ░ĐÇđ░đ╝đÁĐéĐÇ search đŞđĚ URL đ┐ĐÇđŞ đ┐ĐâĐüĐéđżđ╝ đĚđ░đ┐ĐÇđżĐüđÁ[32m 217[2mms[22m[39m
     [32mÔťô[39m AC 5: đ┤đżđ╗đÂđÁđŻ Đüđ▒ĐÇđ░ĐüĐőđ▓đ░ĐéĐî đ┐đżđŞĐüđ║đżđ▓Đőđ╣ đĚđ░đ┐ĐÇđżĐü đ┐ĐÇđŞ đŻđ░đÂđ░ĐéđŞđŞ đ║đŻđżđ┐đ║đŞ "đíđ▒ĐÇđżĐüđŞĐéĐî"[32m 203[2mms[22m[39m
     [33m[2mÔťô[22m[39m AC 2: đ┤đżđ╗đÂđÁđŻ đ┐đżđ║đ░đĚĐőđ▓đ░ĐéĐî đŞđŻđ┤đŞđ║đ░ĐéđżĐÇ ĐÇđÁđĚĐâđ╗ĐîĐéđ░Đéđżđ▓ đ┐ĐÇđŞ đ░đ║ĐéđŞđ▓đŻđżđ╝ đ┐đżđŞĐüđ║đÁ [33m 415[2mms[22m[39m
     [32mÔťô[39m đ┤đżđ╗đÂđÁđŻ ĐçđŞĐéđ░ĐéĐî đ┐đ░ĐÇđ░đ╝đÁĐéĐÇ search đŞđĚ URL đ┐ĐÇđŞ đĚđ░đ│ĐÇĐâđĚđ║đÁ ĐüĐéĐÇđ░đŻđŞĐćĐő[32m 38[2mms[22m[39m
     [33m[2mÔťô[22m[39m đŻđÁ đ┤đżđ╗đÂđÁđŻ đżĐéđ┐ĐÇđ░đ▓đ╗ĐĆĐéĐî đ┐đ░ĐÇđ░đ╝đÁĐéĐÇ search đÁĐüđ╗đŞ đ┤đ╗đŞđŻđ░ đ╝đÁđŻĐîĐłđÁ minLength (2 ĐüđŞđ╝đ▓đżđ╗đ░) [33m 502[2mms[22m[39m
[31m     [31m├Ś[31m AC 4: đ┤đżđ╗đÂđÁđŻ đżĐéđżđ▒ĐÇđ░đÂđ░ĐéĐî ĐüđżĐüĐéđżĐĆđŻđŞĐĆ đĚđ░đ│ĐÇĐâđĚđ║đŞ (Skeleton) đ┐ĐÇđŞ đżđÂđŞđ┤đ░đŻđŞđŞ đ║đ░ĐéđÁđ│đżĐÇđŞđ╣[39m[33m 5013[2mms[22m[39m
[31m     [31m├Ś[31m AC 3: đ┤đżđ╗đÂđÁđŻ Đüđżđ┤đÁĐÇđÂđ░ĐéĐî đ║đżĐÇĐÇđÁđ║ĐéđŻĐâĐÄ ĐüđÁđ╝đ░đŻĐéđŞđ║Đâ: <search role="search"> đŞ đ┐ĐÇđ░đ▓đŞđ╗ĐîđŻĐőđ╣ đ┐đżĐÇĐĆđ┤đżđ║ DOM đ┤đ╗ĐĆ H1[39m[33m 5012[2mms[22m[39m

[31mÔÄ»ÔÄ»ÔÄ»ÔÄ»ÔÄ»ÔÄ»ÔÄ»[39m[1m[41m Failed Tests 2 [49m[22m[31mÔÄ»ÔÄ»ÔÄ»ÔÄ»ÔÄ»ÔÄ»ÔÄ»[39m

[41m[1m FAIL [22m[49m src/app/(blue)/catalog/__tests__/CatalogPage.test.tsx[2m > [22mCatalogPage - Search Integration (Story 18.4)[2m > [22mAC 4: đ┤đżđ╗đÂ
đÁđŻ đżĐéđżđ▒ĐÇđ░đÂđ░ĐéĐî ĐüđżĐüĐéđżĐĆđŻđŞĐĆ đĚđ░đ│ĐÇĐâđĚđ║đŞ (Skeleton) đ┐ĐÇđŞ đżđÂđŞđ┤đ░đŻđŞđŞ đ║đ░ĐéđÁđ│đżĐÇđŞđ╣
[31m[1mError[22m: Test timed out in 5000ms.
If this is a long-running test, pass a timeout value as the last argument or configure it globally with "testTimeout".[39m
[36m [2mÔŁ»[22m src/app/(blue)/catalog/__tests__/CatalogPage.test.tsx:[2m335:3[22m[39m
    [90m333| [39m  })[33m;[39m
    [90m334| [39m
    [90m335| [39m  it('AC 4: đ┤đżđ╗đÂđÁđŻ đżĐéđżđ▒ĐÇđ░đÂđ░ĐéĐî ĐüđżĐüĐéđżĐĆđŻđŞĐĆ đĚđ░đ│ĐÇĐâđĚđ║đŞ (Skeleton) đ┐ĐÇđŞ đżđÂđŞđ┤đ░đŻÔÇŽ
    [90m   | [39m  [31m^[39m
    [90m336| [39m    vi[33m.[39m[34museFakeTimers[39m()[33m;[39m
    [90m337| [39m    const categoriesService = await import('@/services/categoriesServiÔÇŽ

[31m[2mÔÄ»ÔÄ»ÔÄ»ÔÄ»ÔÄ»ÔÄ»ÔÄ»ÔÄ»ÔÄ»ÔÄ»ÔÄ»ÔÄ»ÔÄ»ÔÄ»ÔÄ»ÔÄ»ÔÄ»ÔÄ»ÔÄ»ÔÄ»ÔÄ»ÔÄ»ÔÄ»ÔÄ»[1/2]ÔÄ»[22m[39m

[41m[1m FAIL [22m[49m src/app/(blue)/catalog/__tests__/CatalogPage.test.tsx[2m > [22mCatalogPage - Search Integration (Story 18.4)[2m > [22mAC 3: đ┤đżđ╗đÂ
đÁđŻ Đüđżđ┤đÁĐÇđÂđ░ĐéĐî đ║đżĐÇĐÇđÁđ║ĐéđŻĐâĐÄ ĐüđÁđ╝đ░đŻĐéđŞđ║Đâ: <search role="search"> đŞ đ┐ĐÇđ░đ▓đŞđ╗ĐîđŻĐőđ╣ đ┐đżĐÇĐĆđ┤đżđ║ DOM đ┤đ╗ĐĆ H1
[31m[1mError[22m: Test timed out in 5000ms.
If this is a long-running test, pass a timeout value as the last argument or configure it globally with "testTimeout".[39m
[36m [2mÔŁ»[22m src/app/(blue)/catalog/__tests__/CatalogPage.test.tsx:[2m362:3[22m[39m
    [90m360| [39m  })[33m;[39m
    [90m361| [39m
    [90m362| [39m  it('AC 3: đ┤đżđ╗đÂđÁđŻ Đüđżđ┤đÁĐÇđÂđ░ĐéĐî đ║đżĐÇĐÇđÁđ║ĐéđŻĐâĐÄ ĐüđÁđ╝đ░đŻĐéđŞđ║Đâ: <search role="searcÔÇŽ
    [90m   | [39m  [31m^[39m
    [90m363| [39m    [34mrender[39m([33m<[39m[33mCatalogPage[39m [33m/[39m[33m>[39m)[33m;[39m
    [90m364| [39m

[31m[2mÔÄ»ÔÄ»ÔÄ»ÔÄ»ÔÄ»ÔÄ»ÔÄ»ÔÄ»ÔÄ»ÔÄ»ÔÄ»ÔÄ»ÔÄ»ÔÄ»ÔÄ»ÔÄ»ÔÄ»ÔÄ»ÔÄ»ÔÄ»ÔÄ»ÔÄ»ÔÄ»ÔÄ»[2/2]ÔÄ»[22m[39m


[2m Test Files [22m [1m[31m1 failed[39m[22m[90m (1)[39m
[2m      Tests [22m [1m[31m2 failed[39m[22m[2m | [22m[1m[32m8 passed[39m[22m[90m (10)[39m
[2m   Start at [22m 10:22:21
[2m   Duration [22m 14.75s[2m (transform 843ms, setup 401ms, import 1.28s, tests 12.42s, environment 450ms)[22m

